Release 14.7 - xst P.20131013 (lin64)
Copyright (c) 1995-2013 Xilinx, Inc.  All rights reserved.
--> 
Parameter TMPDIR set to xst/projnav.tmp


Total REAL time to Xst completion: 0.00 secs
Total CPU time to Xst completion: 0.03 secs
 
--> 
Parameter xsthdpdir set to xst


Total REAL time to Xst completion: 0.00 secs
Total CPU time to Xst completion: 0.03 secs
 
--> 
Reading design: FPCVT.prj

TABLE OF CONTENTS
  1) Synthesis Options Summary
  2) HDL Parsing
  3) HDL Elaboration
  4) HDL Synthesis
       4.1) HDL Synthesis Report
  5) Advanced HDL Synthesis
       5.1) Advanced HDL Synthesis Report
  6) Low Level Synthesis
  7) Partition Report
  8) Design Summary
       8.1) Primitive and Black Box Usage
       8.2) Device utilization summary
       8.3) Partition Resource Summary
       8.4) Timing Report
            8.4.1) Clock Information
            8.4.2) Asynchronous Control Signals Information
            8.4.3) Timing Summary
            8.4.4) Timing Details
            8.4.5) Cross Clock Domains Report


=========================================================================
*                      Synthesis Options Summary                        *
=========================================================================
---- Source Parameters
Input File Name                    : "FPCVT.prj"
Ignore Synthesis Constraint File   : NO

---- Target Parameters
Output File Name                   : "FPCVT"
Output Format                      : NGC
Target Device                      : xc6slx16-3-csg324

---- Source Options
Top Module Name                    : FPCVT
Automatic FSM Extraction           : YES
FSM Encoding Algorithm             : Auto
Safe Implementation                : No
FSM Style                          : LUT
RAM Extraction                     : Yes
RAM Style                          : Auto
ROM Extraction                     : Yes
Shift Register Extraction          : YES
ROM Style                          : Auto
Resource Sharing                   : YES
Asynchronous To Synchronous        : NO
Shift Register Minimum Size        : 2
Use DSP Block                      : Auto
Automatic Register Balancing       : No

---- Target Options
LUT Combining                      : Auto
Reduce Control Sets                : Auto
Add IO Buffers                     : YES
Global Maximum Fanout              : 100000
Add Generic Clock Buffer(BUFG)     : 16
Register Duplication               : YES
Optimize Instantiated Primitives   : NO
Use Clock Enable                   : Auto
Use Synchronous Set                : Auto
Use Synchronous Reset              : Auto
Pack IO Registers into IOBs        : Auto
Equivalent register Removal        : YES

---- General Options
Optimization Goal                  : Speed
Optimization Effort                : 1
Power Reduction                    : NO
Keep Hierarchy                     : No
Netlist Hierarchy                  : As_Optimized
RTL Output                         : Yes
Global Optimization                : AllClockNets
Read Cores                         : YES
Write Timing Constraints           : NO
Cross Clock Analysis               : NO
Hierarchy Separator                : /
Bus Delimiter                      : <>
Case Specifier                     : Maintain
Slice Utilization Ratio            : 100
BRAM Utilization Ratio             : 100
DSP48 Utilization Ratio            : 100
Auto BRAM Packing                  : NO
Slice Utilization Ratio Delta      : 5

=========================================================================


=========================================================================
*                          HDL Parsing                                  *
=========================================================================
Analyzing Verilog file "/home/ise/CSM152A/Lab_1/FPCVT.v" into library work
Parsing module <FPCVT>.
Parsing module <calculateTwosCompliment>.
Parsing module <convertToFloatRepresentation>.

=========================================================================
*                            HDL Elaboration                            *
=========================================================================

Elaborating module <FPCVT>.

Elaborating module <calculateTwosCompliment>.

Elaborating module <convertToFloatRepresentation>.

=========================================================================
*                           HDL Synthesis                               *
=========================================================================

Synthesizing Unit <FPCVT>.
    Related source file is "/home/ise/CSM152A/Lab_1/FPCVT.v".
    Summary:
	no macro.
Unit <FPCVT> synthesized.

Synthesizing Unit <calculateTwosCompliment>.
    Related source file is "/home/ise/CSM152A/Lab_1/FPCVT.v".
    Found 13-bit adder for signal <in[12]_GND_2_o_add_3_OUT> created at line 51.
    Summary:
	inferred   1 Adder/Subtractor(s).
	inferred   2 Multiplexer(s).
Unit <calculateTwosCompliment> synthesized.

Synthesizing Unit <convertToFloatRepresentation>.
    Related source file is "/home/ise/CSM152A/Lab_1/FPCVT.v".
    Found 5-bit subtractor for signal <GND_3_o_GND_3_o_sub_17_OUT> created at line 109.
    Found 5-bit adder for signal <positiveRepresentation[12]_GND_3_o_add_20_OUT> created at line 116.
    Found 3-bit adder for signal <E[2]_GND_3_o_add_22_OUT> created at line 122.
    Found 13-bit shifter logical left for signal <mantissa> created at line 109
WARNING:Xst:737 - Found 1-bit latch for signal <E<1>>. Latches may be generated from incomplete case or if statements. We do not recommend the use of latches in FPGA/CPLD designs, as they may lead to timing problems.
WARNING:Xst:737 - Found 1-bit latch for signal <E<0>>. Latches may be generated from incomplete case or if statements. We do not recommend the use of latches in FPGA/CPLD designs, as they may lead to timing problems.
WARNING:Xst:737 - Found 1-bit latch for signal <E<2>>. Latches may be generated from incomplete case or if statements. We do not recommend the use of latches in FPGA/CPLD designs, as they may lead to timing problems.
    Summary:
	inferred   3 Adder/Subtractor(s).
	inferred   3 Latch(s).
	inferred  20 Multiplexer(s).
	inferred   1 Combinational logic shifter(s).
Unit <convertToFloatRepresentation> synthesized.

=========================================================================
HDL Synthesis Report

Macro Statistics
# Adders/Subtractors                                   : 4
 13-bit adder                                          : 1
 3-bit adder                                           : 1
 5-bit adder                                           : 1
 5-bit subtractor                                      : 1
# Latches                                              : 3
 1-bit latch                                           : 3
# Multiplexers                                         : 22
 1-bit 2-to-1 multiplexer                              : 8
 13-bit 2-to-1 multiplexer                             : 3
 3-bit 2-to-1 multiplexer                              : 8
 5-bit 2-to-1 multiplexer                              : 3
# Logic shifters                                       : 1
 13-bit shifter logical left                           : 1

=========================================================================

=========================================================================
*                       Advanced HDL Synthesis                          *
=========================================================================


=========================================================================
Advanced HDL Synthesis Report

Macro Statistics
# Adders/Subtractors                                   : 4
 13-bit adder                                          : 1
 3-bit adder                                           : 1
 5-bit adder                                           : 1
 5-bit subtractor                                      : 1
# Multiplexers                                         : 24
 1-bit 2-to-1 multiplexer                              : 11
 13-bit 2-to-1 multiplexer                             : 3
 3-bit 2-to-1 multiplexer                              : 7
 5-bit 2-to-1 multiplexer                              : 3
# Logic shifters                                       : 1
 13-bit shifter logical left                           : 1

=========================================================================

=========================================================================
*                         Low Level Synthesis                           *
=========================================================================

Optimizing unit <FPCVT> ...

Optimizing unit <calculateTwosCompliment> ...

Optimizing unit <convertToFloatRepresentation> ...

Mapping all equations...
Building and optimizing final netlist ...
Found area constraint ratio of 100 (+ 5) on block FPCVT, actual ratio is 0.

Final Macro Processing ...

=========================================================================
Final Register Report

Found no macro
=========================================================================

=========================================================================
*                           Partition Report                            *
=========================================================================

Partition Implementation Status
-------------------------------

  No Partitions were found in this design.

-------------------------------

=========================================================================
*                            Design Summary                             *
=========================================================================

Top Level Output File Name         : FPCVT.ngc

Primitive and Black Box Usage:
------------------------------
# BELS                             : 101
#      GND                         : 1
#      INV                         : 12
#      LUT1                        : 1
#      LUT3                        : 3
#      LUT4                        : 2
#      LUT5                        : 19
#      LUT6                        : 33
#      MUXCY                       : 12
#      MUXF7                       : 4
#      VCC                         : 1
#      XORCY                       : 13
# FlipFlops/Latches                : 3
#      LD                          : 3
# IO Buffers                       : 31
#      IBUF                        : 13
#      OBUF                        : 18

Device utilization summary:
---------------------------

Selected Device : 6slx16csg324-3 


Slice Logic Utilization: 
 Number of Slice Registers:               3  out of  18224     0%  
 Number of Slice LUTs:                   70  out of   9112     0%  
    Number used as Logic:                70  out of   9112     0%  

Slice Logic Distribution: 
 Number of LUT Flip Flop pairs used:     70
   Number with an unused Flip Flop:      67  out of     70    95%  
   Number with an unused LUT:             0  out of     70     0%  
   Number of fully used LUT-FF pairs:     3  out of     70     4%  
   Number of unique control sets:         1

IO Utilization: 
 Number of IOs:                          31
 Number of bonded IOBs:                  31  out of    232    13%  

Specific Feature Utilization:

---------------------------
Partition Resource Summary:
---------------------------

  No Partitions were found in this design.

---------------------------


=========================================================================
Timing Report

NOTE: THESE TIMING NUMBERS ARE ONLY A SYNTHESIS ESTIMATE.
      FOR ACCURATE TIMING INFORMATION PLEASE REFER TO THE TRACE REPORT
      GENERATED AFTER PLACE-and-ROUTE.

Clock Information:
------------------
-----------------------------------------------------------------------+------------------------+-------+
Clock Signal                                                           | Clock buffer(FF name)  | Load  |
-----------------------------------------------------------------------+------------------------+-------+
convert2/GND_3_o_E[2]_MUX_92_o(convert2/Mmux_GND_3_o_E[2]_MUX_92_o11:O)| NONE(*)(convert2/E_2)  | 3     |
-----------------------------------------------------------------------+------------------------+-------+
(*) This 1 clock signal(s) are generated by combinatorial logic,
and XST is not able to identify which are the primary clock signals.
Please use the CLOCK_SIGNAL constraint to specify the clock signal(s) generated by combinatorial logic.
INFO:Xst:2169 - HDL ADVISOR - Some clock signals were not automatically buffered by XST with BUFG/BUFR resources. Please use the buffer_type constraint in order to insert these buffers to the clock signals to help prevent skew problems.

Asynchronous Control Signals Information:
----------------------------------------
No asynchronous control signals found in this design

Timing Summary:
---------------
Speed Grade: -3

   Minimum period: 4.946ns (Maximum Frequency: 202.198MHz)
   Minimum input arrival time before clock: 11.062ns
   Maximum output required time after clock: 10.004ns
   Maximum combinational path delay: 15.864ns

Timing Details:
---------------
All values displayed in nanoseconds (ns)

=========================================================================
Timing constraint: Default period analysis for Clock 'convert2/GND_3_o_E[2]_MUX_92_o'
  Clock period: 4.946ns (frequency: 202.198MHz)
  Total number of paths / destination ports: 96 / 3
-------------------------------------------------------------------------
Delay:               4.946ns (Levels of Logic = 5)
  Source:            convert2/E_0 (LATCH)
  Destination:       convert2/E_0 (LATCH)
  Source Clock:      convert2/GND_3_o_E[2]_MUX_92_o falling
  Destination Clock: convert2/GND_3_o_E[2]_MUX_92_o falling

  Data Path: convert2/E_0 to convert2/E_0
                                Gate     Net
    Cell:in->out      fanout   Delay   Delay  Logical Name (Net Name)
    ----------------------------------------  ------------
     LD:G->Q               3   0.498   0.651  convert2/E_0 (convert2/E_0)
     LUT6:I5->O           19   0.205   1.436  convert2/mux31 (convert2/GND_3_o_GND_3_o_sub_17_OUT<0>1)
     LUT6:I0->O            1   0.203   0.000  convert2/Sh252_G (N27)
     MUXF7:I1->O           4   0.140   0.788  convert2/Sh252 (convert2/Madd_positiveRepresentation[12]_GND_3_o_add_20_OUT_lut<4>)
     LUT6:I4->O            1   0.203   0.580  convert2/positiveRepresentation[12]_PWR_3_o_not_equal_19_o1_SW0 (N16)
     LUT6:I5->O            1   0.205   0.000  convert2/Mmux_E[2]_E[2]_MUX_100_o13 (convert2/E[2]_E[2]_MUX_100_o)
     LD:D                      0.037          convert2/E_0
    ----------------------------------------
    Total                      4.946ns (1.491ns logic, 3.455ns route)
                                       (30.1% logic, 69.9% route)

=========================================================================
Timing constraint: Default OFFSET IN BEFORE for Clock 'convert2/GND_3_o_E[2]_MUX_92_o'
  Total number of paths / destination ports: 17585 / 3
-------------------------------------------------------------------------
Offset:              11.062ns (Levels of Logic = 10)
  Source:            D<4> (PAD)
  Destination:       convert2/E_0 (LATCH)
  Destination Clock: convert2/GND_3_o_E[2]_MUX_92_o falling

  Data Path: D<4> to convert2/E_0
                                Gate     Net
    Cell:in->out      fanout   Delay   Delay  Logical Name (Net Name)
    ----------------------------------------  ------------
     IBUF:I->O             4   1.222   1.048  D_4_IBUF (D_4_IBUF)
     LUT6:I0->O           17   0.203   1.256  convert/in[12]_PWR_2_o_not_equal_1_o1 (convert/in[12]_PWR_2_o_not_equal_1_o1)
     LUT5:I2->O            7   0.205   1.138  convert/Mmux_convertedOutput91 (positiveBit<5>)
     LUT6:I0->O            1   0.203   0.808  convert2/GND_3_o_GND_3_o_equal_2_o_SW0 (N6)
     LUT6:I3->O            2   0.205   0.981  convert2/GND_3_o_GND_3_o_equal_2_o (convert2/GND_3_o_GND_3_o_equal_2_o_mmx_out)
     LUT6:I0->O           19   0.203   1.436  convert2/mux31 (convert2/GND_3_o_GND_3_o_sub_17_OUT<0>1)
     LUT6:I0->O            1   0.203   0.000  convert2/Sh252_G (N27)
     MUXF7:I1->O           4   0.140   0.788  convert2/Sh252 (convert2/Madd_positiveRepresentation[12]_GND_3_o_add_20_OUT_lut<4>)
     LUT6:I4->O            1   0.203   0.580  convert2/positiveRepresentation[12]_PWR_3_o_not_equal_19_o1_SW0 (N16)
     LUT6:I5->O            1   0.205   0.000  convert2/Mmux_E[2]_E[2]_MUX_100_o13 (convert2/E[2]_E[2]_MUX_100_o)
     LD:D                      0.037          convert2/E_0
    ----------------------------------------
    Total                     11.062ns (3.029ns logic, 8.033ns route)
                                       (27.4% logic, 72.6% route)

=========================================================================
Timing constraint: Default OFFSET OUT AFTER for Clock 'convert2/GND_3_o_E[2]_MUX_92_o'
  Total number of paths / destination ports: 658 / 16
-------------------------------------------------------------------------
Offset:              10.004ns (Levels of Logic = 7)
  Source:            convert2/E_2 (LATCH)
  Destination:       out<2> (PAD)
  Source Clock:      convert2/GND_3_o_E[2]_MUX_92_o falling

  Data Path: convert2/E_2 to out<2>
                                Gate     Net
    Cell:in->out      fanout   Delay   Delay  Logical Name (Net Name)
    ----------------------------------------  ------------
     LD:G->Q               4   0.498   0.684  convert2/E_2 (convert2/E_2)
     LUT6:I5->O           10   0.205   0.857  convert2/mux1111_1 (convert2/mux1111)
     LUT6:I5->O            2   0.205   0.864  convert2/Sh231 (convert2/Sh23)
     LUT6:I2->O            5   0.203   0.819  convert2/Sh234 (convert2/Madd_positiveRepresentation[12]_GND_3_o_add_20_OUT_lut<2>)
     LUT5:I3->O            6   0.203   0.992  convert2/positiveRepresentation[12]_PWR_3_o_not_equal_19_o1 (convert2/positiveRepresentation[12]_PWR_3_o_not_equal_19_o)
     LUT5:I1->O            3   0.203   0.879  convert2/Mmux_F111 (convert2/Mmux_F11)
     LUT5:I2->O            2   0.205   0.616  convert2/Mmux_F31 (F_2_OBUF)
     OBUF:I->O                 2.571          out_2_OBUF (out<2>)
    ----------------------------------------
    Total                     10.004ns (4.293ns logic, 5.711ns route)
                                       (42.9% logic, 57.1% route)

=========================================================================
Timing constraint: Default path analysis
  Total number of paths / destination ports: 116812 / 12
-------------------------------------------------------------------------
Delay:               15.864ns (Levels of Logic = 12)
  Source:            D<4> (PAD)
  Destination:       out<2> (PAD)

  Data Path: D<4> to out<2>
                                Gate     Net
    Cell:in->out      fanout   Delay   Delay  Logical Name (Net Name)
    ----------------------------------------  ------------
     IBUF:I->O             4   1.222   1.048  D_4_IBUF (D_4_IBUF)
     LUT6:I0->O           17   0.203   1.256  convert/in[12]_PWR_2_o_not_equal_1_o1 (convert/in[12]_PWR_2_o_not_equal_1_o1)
     LUT5:I2->O            7   0.205   1.138  convert/Mmux_convertedOutput91 (positiveBit<5>)
     LUT6:I0->O            1   0.203   0.808  convert2/GND_3_o_GND_3_o_equal_2_o_SW0 (N6)
     LUT6:I3->O            2   0.205   0.981  convert2/GND_3_o_GND_3_o_equal_2_o (convert2/GND_3_o_GND_3_o_equal_2_o_mmx_out)
     LUT6:I0->O           19   0.203   1.436  convert2/mux31 (convert2/GND_3_o_GND_3_o_sub_17_OUT<0>1)
     LUT6:I0->O            1   0.203   0.000  convert2/Sh242_G (N29)
     MUXF7:I1->O           5   0.140   0.943  convert2/Sh242 (convert2/Madd_positiveRepresentation[12]_GND_3_o_add_20_OUT_lut<3>)
     LUT5:I2->O            6   0.205   0.992  convert2/positiveRepresentation[12]_PWR_3_o_not_equal_19_o1 (convert2/positiveRepresentation[12]_PWR_3_o_not_equal_19_o)
     LUT5:I1->O            3   0.203   0.879  convert2/Mmux_F111 (convert2/Mmux_F11)
     LUT5:I2->O            2   0.205   0.616  convert2/Mmux_F31 (F_2_OBUF)
     OBUF:I->O                 2.571          out_2_OBUF (out<2>)
    ----------------------------------------
    Total                     15.864ns (5.768ns logic, 10.096ns route)
                                       (36.4% logic, 63.6% route)

=========================================================================

Cross Clock Domains Report:
--------------------------

Clock to Setup on destination clock convert2/GND_3_o_E[2]_MUX_92_o
------------------------------+---------+---------+---------+---------+
                              | Src:Rise| Src:Fall| Src:Rise| Src:Fall|
Source Clock                  |Dest:Rise|Dest:Rise|Dest:Fall|Dest:Fall|
------------------------------+---------+---------+---------+---------+
convert2/GND_3_o_E[2]_MUX_92_o|         |         |    4.946|         |
------------------------------+---------+---------+---------+---------+

=========================================================================


Total REAL time to Xst completion: 5.00 secs
Total CPU time to Xst completion: 4.42 secs
 
--> 


Total memory usage is 475288 kilobytes

Number of errors   :    0 (   0 filtered)
Number of warnings :    3 (   0 filtered)
Number of infos    :    1 (   0 filtered)

